c:\users\d11yu\个人文件夹\it\code snippet输入法\build\tsf-x64\codesnippetinputtsf.dir\release\textservice.obj
c:\users\d11yu\个人文件夹\it\code snippet输入法\build\tsf-x64\codesnippetinputtsf.dir\release\dllexports.obj
c:\users\d11yu\个人文件夹\it\code snippet输入法\build\tsf-x64\cmakefiles\generate.stamp
c:\users\d11yu\个人文件夹\it\code snippet输入法\build\tsf-x64\release\codesnippetinputtsf.dll
c:\users\d11yu\个人文件夹\it\code snippet输入法\build\tsf-x64\codesnippetinputtsf.dir\release\codesnippetinputtsf.res
c:\users\d11yu\个人文件夹\it\code snippet输入法\build\tsf-x64\release\codesnippetinputtsf.lib
c:\users\d11yu\个人文件夹\it\code snippet输入法\build\tsf-x64\release\codesnippetinputtsf.exp
c:\users\d11yu\个人文件夹\it\code snippet输入法\build\tsf-x64\codesnippetinputtsf.dir\release\codesnip.86ec32d1.tlog\cl.command.1.tlog
c:\users\d11yu\个人文件夹\it\code snippet输入法\build\tsf-x64\codesnippetinputtsf.dir\release\codesnip.86ec32d1.tlog\cl.items.tlog
c:\users\d11yu\个人文件夹\it\code snippet输入法\build\tsf-x64\codesnippetinputtsf.dir\release\codesnip.86ec32d1.tlog\cl.read.1.tlog
c:\users\d11yu\个人文件夹\it\code snippet输入法\build\tsf-x64\codesnippetinputtsf.dir\release\codesnip.86ec32d1.tlog\cl.write.1.tlog
c:\users\d11yu\个人文件夹\it\code snippet输入法\build\tsf-x64\codesnippetinputtsf.dir\release\codesnip.86ec32d1.tlog\custombuild.command.1.tlog
c:\users\d11yu\个人文件夹\it\code snippet输入法\build\tsf-x64\codesnippetinputtsf.dir\release\codesnip.86ec32d1.tlog\custombuild.read.1.tlog
c:\users\d11yu\个人文件夹\it\code snippet输入法\build\tsf-x64\codesnippetinputtsf.dir\release\codesnip.86ec32d1.tlog\custombuild.write.1.tlog
c:\users\d11yu\个人文件夹\it\code snippet输入法\build\tsf-x64\codesnippetinputtsf.dir\release\codesnip.86ec32d1.tlog\link.command.1.tlog
c:\users\d11yu\个人文件夹\it\code snippet输入法\build\tsf-x64\codesnippetinputtsf.dir\release\codesnip.86ec32d1.tlog\link.read.1.tlog
c:\users\d11yu\个人文件夹\it\code snippet输入法\build\tsf-x64\codesnippetinputtsf.dir\release\codesnip.86ec32d1.tlog\link.secondary.1.tlog
c:\users\d11yu\个人文件夹\it\code snippet输入法\build\tsf-x64\codesnippetinputtsf.dir\release\codesnip.86ec32d1.tlog\link.write.1.tlog
c:\users\d11yu\个人文件夹\it\code snippet输入法\build\tsf-x64\codesnippetinputtsf.dir\release\codesnip.86ec32d1.tlog\rc.command.1.tlog
c:\users\d11yu\个人文件夹\it\code snippet输入法\build\tsf-x64\codesnippetinputtsf.dir\release\codesnip.86ec32d1.tlog\rc.read.1.tlog
c:\users\d11yu\个人文件夹\it\code snippet输入法\build\tsf-x64\codesnippetinputtsf.dir\release\codesnip.86ec32d1.tlog\rc.write.1.tlog
